The Gift of the Magi

NE DOLLAR AND EIGHTY-SEVEN CENTS.
That was all. She had put it aside, one cent and then another and then
another, in her careful buying of meat and other food. Della counted
it three times. One dollar and eighty-seven cents. And the next day
would be Christmas.